err1_ms_sw_dx_O2.dat
err1_ms_sw_fsw_O1.dat
err1_ms_sw_fsw_O2.dat
err1_ms_sw_fsw_O2_100Co.dat
err1_ms_sw_fsw_O2_10Co.dat
err1_ms_sw_fsw_O2_1Co.dat
err1_sw_dx_O1.dat
err1_sw_dx_O2.dat
err1_sw_fsw_O1.dat
err1_sw_fsw_O2.dat
err1_sw_fsw_O2_10Co.dat
err2_sw_dx_O1.dat
err2_sw_dx_O2.dat
err2_sw_fsw_O1.dat
err2_sw_fsw_O2.dat
err3_sw_dx_O1.dat
err3_sw_dx_O2.dat
err3_sw_fsw_O1.dat
err3_sw_fsw_O2.dat
err_2_fsw_sw_mdl_O1.dat
err_2_fsw_sw_mdl_O2.dat
err_3_fsw_sw_mdl_O1.dat
err_3_fsw_sw_mdl_O2.dat
err_JD_sw_fsw_100Co.dat
err_JD_sw_fsw_10Co.dat
err_JD_sw_fsw_1Co.dat
err_MS_sw_fsw_100Co.dat
err_MS_sw_fsw_10Co.dat
err_MS_sw_fsw_1Co.dat
err_ST_sw_fsw_100Co.dat
err_ST_sw_fsw_10Co.dat
err_ST_sw_fsw_1Co.dat
err_fsw_sw_mdl_O1.dat
err_fsw_sw_mdl_O2.dat
error_rx_100MHz_O1.dat
error_rx_100MHz_O2.dat
error_rx_100kHz_O1.dat
error_rx_100kHz_O2.dat
error_rx_10MHz_O1.dat
error_rx_10MHz_O2.dat
error_rx_1MHz_O1.dat
error_rx_1MHz_O2.dat
mdl_rx_100MHz_O1.dat
mdl_rx_100MHz_O2.dat
mdl_rx_100kHz_O1.dat
mdl_rx_100kHz_O2.dat
mdl_rx_10MHz_O1.dat
mdl_rx_10MHz_O2.dat
mdl_rx_1MHz_O1.dat
mdl_rx_1MHz_O2.dat
mdl_see_rx_100MHz_O1.dat
mdl_see_rx_100kHz_O1.dat
mdl_see_rx_10MHz_O1.dat
mdl_see_rx_1MHz_O1.dat
r_JD_sweep_Cout_100kHz_dc.dat
r_scc_O1.dat
r_scc_O2.dat
r_scc_sweep_Cout_100kHz_dc.dat
r_x_mdl_O1.dat
r_x_mdl_O2.dat
rm1_ms_sw_dx_O2.dat
rm1_ms_sw_fsw_O2.dat
rm1_ms_sw_fsw_O2_100Co.dat
rm1_ms_sw_fsw_O2_10Co.dat
rm1_ms_sw_fsw_O2_1Co.dat
rm1_sw_dx_O1.dat
rm1_sw_dx_O2.dat
rm1_sw_fsw_O1.dat
rm1_sw_fsw_O2.dat
rm1_sw_fsw_O2_10Co.dat
rm2_sw_dx_O1.dat
rm2_sw_dx_O2.dat
rm2_sw_fsw_O1.dat
rm2_sw_fsw_O2.dat
rm3_sw_dx_O1.dat
rm3_sw_dx_O2.dat
rm3_sw_fsw_O1.dat
rm3_sw_fsw_O2.dat
rx_JD_sw_Cout_fsw100k.dat
rx_JD_sw_fsw_100Co.dat
rx_JD_sw_fsw_10Co.dat
rx_JD_sw_fsw_1Co.dat
rx_MS_sw_Cout_fsw100k.dat
rx_MS_sw_fsw_100Co.dat
rx_MS_sw_fsw_10Co.dat
rx_MS_sw_fsw_1Co.dat
rx_ST_sw_Cout_fsw100k.dat
rx_ST_sw_fsw_100Co.dat
rx_ST_sw_fsw_10Co.dat
rx_ST_sw_fsw_1Co.dat
rx_sw_dx_O1.dat
rx_sw_dx_O2.dat
rx_sw_fsw_100Co.dat
rx_sw_fsw_10Co.dat
rx_sw_fsw_1Co.dat
rx_sw_fsw_O1.dat
rx_sw_fsw_O2.dat
rx_sw_fsw_O2_100Co.dat
rx_sw_fsw_O2_10Co.dat
sim_rx_100MHz_O1.dat
sim_rx_100MHz_O2.dat
sim_rx_100kHz_O1.dat
sim_rx_100kHz_O2.dat
sim_rx_10MHz_O1.dat
sim_rx_10MHz_O2.dat
sim_rx_1MHz_O1.dat
sim_rx_1MHz_O2.dat
vc1.dat
vc2.dat
